2022-03-20 11:15:13,947:DEBUG:24 Null values exists
2022-03-20 11:16:38,108:24 Null values exists
2022-03-20 11:17:37,560:24 Null values exists
2022-03-20 11:17:56,085:DEBUG:
2022-03-20 11:19:00,777:WARNING:24 Null values exists
2022-03-27T11:33:53,099 WARNING indent numbers repeat
2022-03-27T11:37:18,211 WARNING indent numbers repeat
